program
  declList
    decl
      varDecl
        type
    decl
      functionDefn
        paramList
        stmtBlock
          stmtList
            stmt
              assignStmt
                designator
                expr0
                  expr1
                    expr2
                      expr3
                        literal
            stmt
              whileStmt
                expr0
                  expr1
                    expr2
                      expr3
                        expr0
                          expr1
                            expr2
                              expr3
                                designator
                          op0
                          expr1
                            expr2
                              expr3
                                literal
                stmtBlock
                  stmtList
                    stmt
                      callStmt
                        callExpr
                          exprList
                            expr0
                              expr1
                                expr2
                                  expr3
                                    designator
                    stmt
                      callStmt
                        callExpr
                          exprList
                    stmt
                      assignStmt
                        designator
                        expr0
                          expr1
                            expr1
                              expr2
                                expr3
                                  designator
                            op1
                            expr2
                              expr3
                                literal
            stmt
              callStmt
                callExpr
                  exprList
                    expr0
                      expr1
                        expr1
                          expr2
                            expr3
                              literal
                        op1
                        expr2
                          expr3
                            literal
            stmt
              callStmt
                callExpr
                  exprList
                    expr0
                      expr1
                        expr2
                          expr3
                            designator
