program
  declList
    decl
      functionDefn
        paramList
        stmtBlock
          stmtList
            stmt
              varDecl
                type
            stmt
              assignStmt
                designator
                expr0
                  expr1
                    expr2
                      expr3
                        literal
            stmt
              callStmt
                callExpr
                  exprList
                    expr0
                      expr1
                        expr2
                          expr3
                            designator
