program
  declList
    decl
      functionDefn
        paramList
        stmtBlock
          stmtList
