program
  declList
    decl
      functionDefn
        paramList
          param
            type
          param
            type
          param
            type
          param
            type
          param
            type
          param
            type
          param
            type
          param
            type
          param
            type
        stmtBlock
          stmtList
            stmt
              callStmt
                callExpr
                  exprList
                    expr0
                      expr1
                        expr2
                          expr3
                            designator
            stmt
              callStmt
                callExpr
                  exprList
            stmt
              callStmt
                callExpr
                  exprList
                    expr0
                      expr1
                        expr2
                          expr3
                            designator
            stmt
              callStmt
                callExpr
                  exprList
            stmt
              callStmt
                callExpr
                  exprList
                    expr0
                      expr1
                        expr2
                          expr3
                            designator
            stmt
              callStmt
                callExpr
                  exprList
            stmt
              callStmt
                callExpr
                  exprList
                    expr0
                      expr1
                        expr2
                          expr3
                            designator
            stmt
              callStmt
                callExpr
                  exprList
            stmt
              callStmt
                callExpr
                  exprList
                    expr0
                      expr1
                        expr2
                          expr3
                            designator
            stmt
              callStmt
                callExpr
                  exprList
            stmt
              callStmt
                callExpr
                  exprList
                    expr0
                      expr1
                        expr2
                          expr3
                            designator
            stmt
              callStmt
                callExpr
                  exprList
            stmt
              callStmt
                callExpr
                  exprList
                    expr0
                      expr1
                        expr2
                          expr3
                            designator
            stmt
              callStmt
                callExpr
                  exprList
            stmt
              callStmt
                callExpr
                  exprList
                    expr0
                      expr1
                        expr2
                          expr3
                            designator
            stmt
              callStmt
                callExpr
                  exprList
            stmt
              callStmt
                callExpr
                  exprList
                    expr0
                      expr1
                        expr2
                          expr3
                            designator
            stmt
              callStmt
                callExpr
                  exprList
    decl
      functionDefn
        paramList
        stmtBlock
          stmtList
            stmt
              callStmt
                callExpr
                  exprList
                    expr0
                      expr1
                        expr2
                          expr3
                            literal
                    expr0
                      expr1
                        expr2
                          expr3
                            literal
                    expr0
                      expr1
                        expr2
                          expr3
                            literal
                    expr0
                      expr1
                        expr2
                          expr3
                            literal
                    expr0
                      expr1
                        expr2
                          expr3
                            literal
                    expr0
                      expr1
                        expr2
                          expr3
                            literal
                    expr0
                      expr1
                        expr2
                          expr3
                            literal
                    expr0
                      expr1
                        expr2
                          expr3
                            literal
                    expr0
                      expr1
                        expr2
                          expr3
                            literal
