program
  declList
    decl
      arrayDecl
        type
    decl
      functionDefn
        paramList
        stmtBlock
          stmtList
            stmt
              varDecl
                type
            stmt
              varDecl
                type
            stmt
              varDecl
                type
            stmt
              varDecl
                type
            stmt
              assignStmt
                designator
                expr0
                  expr1
                    expr2
                      expr3
                        literal
            stmt
              assignStmt
                designator
                expr0
                  expr1
                    expr2
                      expr3
                        literal
            stmt
              assignStmt
                designator
                expr0
                  expr1
                    expr2
                      expr3
                        literal
            stmt
              assignStmt
                designator
                expr0
                  expr1
                    expr2
                      expr3
                        literal
            stmt
              whileStmt
                expr0
                  expr1
                    expr2
                      expr3
                        expr0
                          expr1
                            expr2
                              expr3
                                designator
                          op0
                          expr1
                            expr2
                              expr3
                                literal
                stmtBlock
                  stmtList
                    stmt
                      whileStmt
                        expr0
                          expr1
                            expr2
                              expr3
                                expr0
                                  expr1
                                    expr2
                                      expr3
                                        designator
                                  op0
                                  expr1
                                    expr2
                                      expr3
                                        literal
                        stmtBlock
                          stmtList
                            stmt
                              assignStmt
                                designator
                                  expr0
                                    expr1
                                      expr2
                                        expr3
                                          designator
                                expr0
                                  expr1
                                    expr1
                                      expr1
                                        expr2
                                          expr2
                                            expr3
                                              designator
                                          op2
                                          expr3
                                            literal
                                      op1
                                      expr2
                                        expr2
                                          expr3
                                            designator
                                        op2
                                        expr3
                                          literal
                                    op1
                                    expr2
                                      expr3
                                        literal
                            stmt
                              assignStmt
                                designator
                                expr0
                                  expr1
                                    expr1
                                      expr2
                                        expr3
                                          designator
                                    op1
                                    expr2
                                      expr3
                                        literal
                    stmt
                      assignStmt
                        designator
                        expr0
                          expr1
                            expr2
                              expr3
                                literal
                    stmt
                      assignStmt
                        designator
                        expr0
                          expr1
                            expr1
                              expr2
                                expr3
                                  designator
                            op1
                            expr2
                              expr3
                                literal
            stmt
              assignStmt
                designator
                expr0
                  expr1
                    expr2
                      expr3
                        literal
            stmt
              assignStmt
                designator
                expr0
                  expr1
                    expr2
                      expr3
                        literal
            stmt
              whileStmt
                expr0
                  expr1
                    expr2
                      expr3
                        expr0
                          expr1
                            expr2
                              expr3
                                designator
                          op0
                          expr1
                            expr2
                              expr3
                                literal
                stmtBlock
                  stmtList
                    stmt
                      whileStmt
                        expr0
                          expr1
                            expr2
                              expr3
                                expr0
                                  expr1
                                    expr2
                                      expr3
                                        designator
                                  op0
                                  expr1
                                    expr2
                                      expr3
                                        literal
                        stmtBlock
                          stmtList
                            stmt
                              callStmt
                                callExpr
                                  exprList
                                    expr0
                                      expr1
                                        expr2
                                          expr3
                                            designator
                                              expr0
                                                expr1
                                                  expr2
                                                    expr3
                                                      designator
                            stmt
                              assignStmt
                                designator
                                expr0
                                  expr1
                                    expr1
                                      expr2
                                        expr3
                                          designator
                                    op1
                                    expr2
                                      expr3
                                        literal
                    stmt
                      callStmt
                        callExpr
                          exprList
                    stmt
                      assignStmt
                        designator
                        expr0
                          expr1
                            expr2
                              expr3
                                literal
                    stmt
                      assignStmt
                        designator
                        expr0
                          expr1
                            expr1
                              expr2
                                expr3
                                  designator
                            op1
                            expr2
                              expr3
                                literal
            stmt
              callStmt
                callExpr
                  exprList
                    expr0
                      expr1
                        expr2
                          expr3
                            designator
            stmt
              callStmt
                callExpr
                  exprList
                    expr0
                      expr1
                        expr2
                          expr3
                            designator
