program
  declList
    decl
      functionDefn
        paramList
        type
        stmtBlock
          stmtList
            stmt
              callStmt
                callExpr
                  exprList
                    expr0
                      expr1
                        expr2
                          expr3
                            literal
            stmt
              callStmt
                callExpr
                  exprList
            stmt
              returnStmt
                expr0
                  expr1
                    expr2
                      expr3
                        literal
    decl
      functionDefn
        paramList
        type
        stmtBlock
          stmtList
            stmt
              callStmt
                callExpr
                  exprList
                    expr0
                      expr1
                        expr2
                          expr3
                            literal
            stmt
              callStmt
                callExpr
                  exprList
            stmt
              returnStmt
                expr0
                  expr1
                    expr2
                      expr3
                        literal
    decl
      functionDefn
        paramList
        stmtBlock
          stmtList
            stmt
              callStmt
                callExpr
                  exprList
                    expr0
                      expr1
                        expr1
                          expr2
                            expr3
                              callExpr
                                exprList
                        op1
                        expr2
                          expr3
                            callExpr
                              exprList
            stmt
              callStmt
                callExpr
                  exprList
            stmt
              callStmt
                callExpr
                  exprList
                    expr0
                      expr1
                        expr1
                          expr2
                            expr3
                              callExpr
                                exprList
                        op1
                        expr2
                          expr3
                            callExpr
                              exprList
            stmt
              callStmt
                callExpr
                  exprList
            stmt
              callStmt
                callExpr
                  exprList
                    expr0
                      expr1
                        expr1
                          expr2
                            expr3
                              callExpr
                                exprList
                        op1
                        expr2
                          expr3
                            callExpr
                              exprList
            stmt
              callStmt
                callExpr
                  exprList
            stmt
              callStmt
                callExpr
                  exprList
                    expr0
                      expr1
                        expr1
                          expr2
                            expr3
                              callExpr
                                exprList
                        op1
                        expr2
                          expr3
                            callExpr
                              exprList
            stmt
              callStmt
                callExpr
                  exprList
