program
  declList
    decl
      functionDefn
        paramList
        stmtBlock
          stmtList
            stmt
              varDecl
                type
            stmt
              assignStmt
                designator
                expr0
                  expr1
                    expr2
                      expr3
                        literal
            stmt
              varDecl
                type
            stmt
              assignStmt
                designator
                expr0
                  expr1
                    expr2
                      expr3
                        literal
            stmt
              whileStmt
                expr0
                  expr1
                    expr2
                      expr3
                        expr0
                          expr1
                            expr2
                              expr3
                                designator
                          op0
                          expr1
                            expr2
                              expr3
                                literal
                stmtBlock
                  stmtList
                    stmt
                      ifStmt
                        expr0
                          expr1
                            expr2
                              expr3
                                expr0
                                  expr1
                                    expr2
                                      expr3
                                        literal
                        stmtBlock
                          stmtList
                            stmt
                              ifStmt
                                expr0
                                  expr1
                                    expr2
                                      expr3
                                        expr0
                                          expr1
                                            expr2
                                              expr3
                                                literal
                                stmtBlock
                                  stmtList
                                    stmt
                                      whileStmt
                                        expr0
                                          expr1
                                            expr2
                                              expr3
                                                expr0
                                                  expr1
                                                    expr2
                                                      expr3
                                                        designator
                                                  op0
                                                  expr1
                                                    expr2
                                                      expr3
                                                        literal
                                        stmtBlock
                                          stmtList
                                            stmt
                                              callStmt
                                                callExpr
                                                  exprList
                                                    expr0
                                                      expr1
                                                        expr2
                                                          expr3
                                                            literal
                                            stmt
                                              assignStmt
                                                designator
                                                expr0
                                                  expr1
                                                    expr1
                                                      expr2
                                                        expr3
                                                          designator
                                                    op1
                                                    expr2
                                                      expr3
                                                        literal
                                stmtBlock
                                  stmtList
                                    stmt
                                      callStmt
                                        callExpr
                                          exprList
                                            expr0
                                              expr1
                                                expr2
                                                  expr3
                                                    literal
                    stmt
                      callStmt
                        callExpr
                          exprList
                            expr0
                              expr1
                                expr2
                                  expr3
                                    literal
                    stmt
                      assignStmt
                        designator
                        expr0
                          expr1
                            expr1
                              expr2
                                expr3
                                  designator
                            op1
                            expr2
                              expr3
                                literal
            stmt
              callStmt
                callExpr
                  exprList
                    expr0
                      expr1
                        expr2
                          expr3
                            literal
