program
  declList
    decl
      functionDefn
        paramList
          param
            type
          param
            type
        type
        stmtBlock
          stmtList
            stmt
              returnStmt
                expr0
                  expr1
                    expr2
                      expr3
                        designator
                  op0
                  expr1
                    expr2
                      expr3
                        designator
    decl
      functionDefn
        paramList
        stmtBlock
          stmtList
            stmt
              callStmt
                callExpr
                  exprList
                    expr0
                      expr1
                        expr2
                          expr3
                            callExpr
                              exprList
                                expr0
                                  expr1
                                    expr2
                                      expr3
                                        literal
                                expr0
                                  expr1
                                    expr2
                                      expr3
                                        literal
            stmt
              callStmt
                callExpr
                  exprList
            stmt
              callStmt
                callExpr
                  exprList
                    expr0
                      expr1
                        expr2
                          expr3
                            callExpr
                              exprList
                                expr0
                                  expr1
                                    expr2
                                      expr3
                                        literal
                                expr0
                                  expr1
                                    expr2
                                      expr3
                                        literal
            stmt
              callStmt
                callExpr
                  exprList
            stmt
              callStmt
                callExpr
                  exprList
                    expr0
                      expr1
                        expr2
                          expr3
                            callExpr
                              exprList
                                expr0
                                  expr1
                                    expr2
                                      expr3
                                        literal
                                expr0
                                  expr1
                                    expr2
                                      expr3
                                        literal
