
validReturn1(a) {
  if (true) {
    if (false) {
      a = 3;
    } else {
      while (false) {
        return a;
      }
    }
    return 4;
  } else {
    return a;
  }
}
main() {
  printInt(3);
  printInt(validReturn1(6));
}

