
a;
main() {
  a = 9;
  while ((a != 0)) {
    printInt(a);
    println();
    a = (a - 1);
  }
  printInt((0 - 5));
  printInt(a);
}

