
main() {
  i;
  i = 0;
  a;
  b;
  a = 0;
  b = 1;
  while ((i < 10)) {
    printInt(b);
    println();
    c;
    c = (a + b);
    a = b;
    b = c;
    i = (i + 1);
  }
}

