
main() {
  i;
  i = 0;
  while ((i < 11)) {
    printChar(readChar());
    i = (i + 1);
  }
}

