Crux Program has no type errors.

main() {
  int a;
  /*int*/ a = /*int*/ 0;
  int b;
  /*int*/ b = /*int*/ 0;
  while (/*bool*/ (/*int*/ a < /*int*/ 3)) {
    if (/*bool*/ true) {
      if (/*bool*/ true) {
        while (/*bool*/ (/*int*/ b < /*int*/ 3)) {
          printInt(/*int*/ 5);
          /*int*/ b = /*int*/ (/*int*/ b + /*int*/ 1);
        }
      } else {
        printInt(/*int*/ 5);
      }
    } else {
    }
    printInt(/*int*/ 5);
    /*int*/ a = /*int*/ (/*int*/ a + /*int*/ 1);
  }
  printInt(/*int*/ 5);
}

